I'm sorry, but errors were detected in your script. Please correct the
errors listed below, and try again.


File "game/script.rpy", line 24: ATL statement contains two expressions in a row; is one of them a misspelled property? If not, separate them with pass.
    at center:    
             ^

Ren'Py Version: Ren'Py 8.3.3.24111502
Tue Dec  3 04:37:38 2024
